// Jest Snapshot v1, https://goo.gl/fbAQLP

exports[`Goals snapshot renders the component correctly 1`] = `
<LoadingAndErrorHandler
  loading={false}
>
  <div
    className="goal"
  >
    <h3
      className="goalName"
    >
      Goal
    </h3>
    <CompletionWrapped
      goal={
        Object {
          "id": 1,
          "name": "Goal",
        }
      }
    />
    <DeleteWrapped
      goalId={1}
    />
    <br />
  </div>
</LoadingAndErrorHandler>
`;
