// Jest Snapshot v1, https://goo.gl/fbAQLP

exports[`Goals snapshot renders the component correctly 1`] = `
<LoadingAndErrorHandler
  loading={false}
>
  <Link
    className="goal"
    replace={false}
    to="goals/1"
  >
    <h3
      className="goalName"
    >
      Goal
    </h3>
    <div
      className="completionContainer"
    >
      <CompletionWrapped
        goal={
          Object {
            "id": 1,
            "name": "Goal",
          }
        }
      />
    </div>
  </Link>
</LoadingAndErrorHandler>
`;
