// Jest Snapshot v1, https://goo.gl/fbAQLP

exports[`CreateGoal snapshot renders the component correctly 1`] = `
<LoadingAndErrorHandler
  loading={false}
>
  <form>
    <h3>
      Create Goal
    </h3>
    <label>
      Name
      <input
        className="name"
      />
    </label>
    <button
      onClick={[Function]}
    >
      Create Goal
    </button>
  </form>
</LoadingAndErrorHandler>
`;
