// Jest Snapshot v1, https://goo.gl/fbAQLP

exports[`NewGoal snapshot renders the component correctly 1`] = `
<LoadingAndErrorHandler
  loading={false}
>
  <form
    className="newGoal"
  >
    <h1
      className="title"
    >
      Create Goal
    </h1>
    <label>
      Name
      <input
        className="name"
      />
    </label>
    <Button
      className="button"
      onClick={[Function]}
    >
      Create Goal
    </Button>
  </form>
</LoadingAndErrorHandler>
`;
