// Jest Snapshot v1, https://goo.gl/fbAQLP

exports[`NewGoal snapshot renders the component correctly 1`] = `
<LoadingAndErrorHandler
  loading={false}
>
  <form
    className="newGoal"
  >
    <h1
      className="title"
    >
      Create Goal
    </h1>
    <div
      className="inputContainer"
    >
      <label
        htmlFor="name-input"
      >
        Name
      </label>
      <input
        className="name"
        name="name-input"
      />
    </div>
    <Button
      className="button"
      onClick={[Function]}
    >
      Create Goal
    </Button>
  </form>
</LoadingAndErrorHandler>
`;
